load("@rules_proto//proto:defs.bzl", "proto_library")

proto_library(
    name = "foo_proto",
    srcs = ["foo.proto"],
    strip_import_prefix = "/prefix",
    visibility = ["//visibility:public"],
    deps = ["//prefix/moo:moo_proto"],
)
